// Jest Snapshot v1, https://goo.gl/fbAQLP

exports[`CoinItem Component should match snapshot 1`] = `
<View
  accessibilityState={
    {
      "busy": undefined,
      "checked": undefined,
      "disabled": undefined,
      "expanded": undefined,
      "selected": undefined,
    }
  }
  accessibilityValue={
    {
      "max": undefined,
      "min": undefined,
      "now": undefined,
      "text": undefined,
    }
  }
  accessible={true}
  collapsable={false}
  focusable={true}
  onBlur={[Function]}
  onClick={[Function]}
  onFocus={[Function]}
  onResponderGrant={[Function]}
  onResponderMove={[Function]}
  onResponderRelease={[Function]}
  onResponderTerminate={[Function]}
  onResponderTerminationRequest={[Function]}
  onStartShouldSetResponder={[Function]}
  testID="coinItem"
>
  <View>
    <Text>
      BTC
    </Text>
    <Text>
      Bitcoin
    </Text>
    <Text>
       
      $50000
    </Text>
  </View>
  <View>
    <Text>
      5
    </Text>
    <Image
      source={
        {
          "testUri": "../../../assets/arrow_up.png",
        }
      }
    />
  </View>
</View>
`;
